
**********************************************************************
**                                                                  **
**                ATTRACT  (Python edition)                         **
**                based on the PTools library                       **
**                                                                  **
**********************************************************************
PTools revision 2.0.0


Start time: 2017-04-27 12:09:12.467527
Reading parameters file: attract.inp
4 series of minimizations
rstk =  0.0005
Read receptor (fixed): receptor.red with 522 particules
Read ligand (mobile): ligand.red with 126 particules
Read 204 translations from translation.dat
ntheta, nchi: 5 2
0.0 1
0.7853981625 2
1.570796325 4
2.3561944875 2
3.14159265 1
Read 5 rotation lines from rotation.dat
20 rotations per translation
@@@@@@@ Translation nb 4 @@@@@@@
----- Rotation nb 1 -----
Translation by: -1.863000 29.384000 -9.330000
Rotation angles: (6.2831853, 0.0, 3.14159265)
{{ minimization nb 1 of 4 ; cutoff= 54.77 (A) ; maxiter= 30
number of free variables for the minimizer: 6
STOP, max iterations reached                                |  30 iterations
{{ minimization nb 2 of 4 ; cutoff= 31.62 (A) ; maxiter= 30
number of free variables for the minimizer: 6
STOP, max iterations reached                                |  30 iterations
{{ minimization nb 3 of 4 ; cutoff= 22.36 (A) ; maxiter= 50
number of free variables for the minimizer: 6
STOP, max iterations reached                                |  50 iterations
{{ minimization nb 4 of 4 ; cutoff= 7.07 (A) ; maxiter= 50
number of free variables for the minimizer: 6
STOP, max iterations reached                                |  50 iterations
      Trans    Rot          Ener    RmsdCA_ref           VDW       Coulomb
==        4      1   -25.6071528          XXXX   -23.9250161    -1.6821367
### MAT BEGIN
MAT        0.9891707     -0.1034774     -0.1040852    -29.3552035 
MAT        0.1462733      0.7533058      0.6411977    -22.3842908 
MAT        0.0120586     -0.6494789      0.7602840     -2.1107506 
MAT        0.0000000      0.0000000      0.0000000      1.0000000 
### MAT END

----- Rotation nb 2 -----
Translation by: -1.863000 29.384000 -9.330000
Rotation angles: (6.2831853, 0.0, 6.2831853)
{{ minimization nb 1 of 4 ; cutoff= 54.77 (A) ; maxiter= 30
number of free variables for the minimizer: 6
STOP, max iterations reached                                |  30 iterations
{{ minimization nb 2 of 4 ; cutoff= 31.62 (A) ; maxiter= 30
number of free variables for the minimizer: 6
STOP, max iterations reached                                |  30 iterations
{{ minimization nb 3 of 4 ; cutoff= 22.36 (A) ; maxiter= 50
number of free variables for the minimizer: 6
STOP, max iterations reached                                |  50 iterations
{{ minimization nb 4 of 4 ; cutoff= 7.07 (A) ; maxiter= 50
number of free variables for the minimizer: 6
STOP, max iterations reached                                |  50 iterations
      Trans    Rot          Ener    RmsdCA_ref           VDW       Coulomb
==        4      2   -29.5342864          XXXX   -29.6246895     0.0904032
### MAT BEGIN
MAT       -0.9328418     -0.3587740      0.0329769     56.9391554 
MAT       -0.3551586      0.9003177     -0.2515758     21.0974729 
MAT        0.0605691     -0.2463925     -0.9672756     38.9178945 
MAT        0.0000000      0.0000000      0.0000000      1.0000000 
### MAT END

----- Rotation nb 3 -----
Translation by: -1.863000 29.384000 -9.330000
Rotation angles: (3.14159265, 0.7853981624999999, 3.14159265)
{{ minimization nb 1 of 4 ; cutoff= 54.77 (A) ; maxiter= 30
number of free variables for the minimizer: 6
STOP, max iterations reached                                |  30 iterations
{{ minimization nb 2 of 4 ; cutoff= 31.62 (A) ; maxiter= 30
number of free variables for the minimizer: 6
CONVERGENCE: REL_REDUCTION_OF_F <= FACTR*EPSMCH             |  24 iterations
{{ minimization nb 3 of 4 ; cutoff= 22.36 (A) ; maxiter= 50
number of free variables for the minimizer: 6
STOP, max iterations reached                                |  50 iterations
{{ minimization nb 4 of 4 ; cutoff= 7.07 (A) ; maxiter= 50
number of free variables for the minimizer: 6
STOP, max iterations reached                                |  50 iterations
      Trans    Rot          Ener    RmsdCA_ref           VDW       Coulomb
==        4      3   -14.5484353          XXXX   -14.7914152     0.2429799
### MAT BEGIN
MAT        0.9654986     -0.2242969     -0.1323004    -21.9611672 
MAT        0.2471192      0.9493967      0.1938507    -17.2111475 
MAT        0.0821255     -0.2198565      0.9720692    -29.5774145 
MAT        0.0000000      0.0000000      0.0000000      1.0000000 
### MAT END

----- Rotation nb 4 -----
Translation by: -1.863000 29.384000 -9.330000
Rotation angles: (3.14159265, 0.7853981624999999, 6.2831853)
{{ minimization nb 1 of 4 ; cutoff= 54.77 (A) ; maxiter= 30
number of free variables for the minimizer: 6
STOP, max iterations reached                                |  30 iterations
{{ minimization nb 2 of 4 ; cutoff= 31.62 (A) ; maxiter= 30
number of free variables for the minimizer: 6
STOP, max iterations reached                                |  30 iterations
{{ minimization nb 3 of 4 ; cutoff= 22.36 (A) ; maxiter= 50
number of free variables for the minimizer: 6
STOP, max iterations reached                                |  50 iterations
{{ minimization nb 4 of 4 ; cutoff= 7.07 (A) ; maxiter= 50
number of free variables for the minimizer: 6
STOP, max iterations reached                                |  50 iterations
      Trans    Rot          Ener    RmsdCA_ref           VDW       Coulomb
==        4      4   -19.8526962          XXXX   -19.8138971    -0.0387991
### MAT BEGIN
MAT       -0.0428865     -0.1578355     -0.9865337     47.4213561 
MAT        0.6328395      0.7597974     -0.1490707    -17.9863324 
MAT        0.7730944     -0.6307106      0.0672995    -16.3941134 
MAT        0.0000000      0.0000000      0.0000000      1.0000000 
### MAT END

----- Rotation nb 5 -----
Translation by: -1.863000 29.384000 -9.330000
Rotation angles: (6.2831853, 0.7853981624999999, 3.14159265)
{{ minimization nb 1 of 4 ; cutoff= 54.77 (A) ; maxiter= 30
number of free variables for the minimizer: 6
STOP, max iterations reached                                |  30 iterations
{{ minimization nb 2 of 4 ; cutoff= 31.62 (A) ; maxiter= 30
number of free variables for the minimizer: 6
STOP, max iterations reached                                |  30 iterations
{{ minimization nb 3 of 4 ; cutoff= 22.36 (A) ; maxiter= 50
number of free variables for the minimizer: 6
STOP, max iterations reached                                |  50 iterations
{{ minimization nb 4 of 4 ; cutoff= 7.07 (A) ; maxiter= 50
number of free variables for the minimizer: 6
CONVERGENCE: REL_REDUCTION_OF_F <= FACTR*EPSMCH             |  31 iterations
      Trans    Rot          Ener    RmsdCA_ref           VDW       Coulomb
==        4      5   -28.4601825          XXXX   -26.8316577    -1.6285248
### MAT BEGIN
MAT        0.6381026      0.1992139     -0.7437331     -3.1953773 
MAT        0.7240957     -0.4836415      0.4917076     -6.9868406 
MAT       -0.2617452     -0.8522938     -0.4528629     57.0667568 
MAT        0.0000000      0.0000000      0.0000000      1.0000000 
### MAT END

----- Rotation nb 6 -----
Translation by: -1.863000 29.384000 -9.330000
Rotation angles: (6.2831853, 0.7853981624999999, 6.2831853)
{{ minimization nb 1 of 4 ; cutoff= 54.77 (A) ; maxiter= 30
number of free variables for the minimizer: 6
STOP, max iterations reached                                |  30 iterations
{{ minimization nb 2 of 4 ; cutoff= 31.62 (A) ; maxiter= 30
number of free variables for the minimizer: 6
STOP, max iterations reached                                |  30 iterations
{{ minimization nb 3 of 4 ; cutoff= 22.36 (A) ; maxiter= 50
number of free variables for the minimizer: 6
STOP, max iterations reached                                |  50 iterations
{{ minimization nb 4 of 4 ; cutoff= 7.07 (A) ; maxiter= 50
number of free variables for the minimizer: 6
STOP, max iterations reached                                |  50 iterations
      Trans    Rot          Ener    RmsdCA_ref           VDW       Coulomb
==        4      6   -18.9328954          XXXX   -19.2978509     0.3649554
### MAT BEGIN
MAT       -0.4378585     -0.7509476     -0.4943254     69.2914520 
MAT        0.6411490      0.1246232     -0.7572299     17.8814915 
MAT        0.6302444     -0.6484957      0.4269020    -21.2247430 
MAT        0.0000000      0.0000000      0.0000000      1.0000000 
### MAT END

----- Rotation nb 7 -----
Translation by: -1.863000 29.384000 -9.330000
Rotation angles: (1.570796325, 1.5707963249999999, 3.14159265)
{{ minimization nb 1 of 4 ; cutoff= 54.77 (A) ; maxiter= 30
number of free variables for the minimizer: 6
STOP, max iterations reached                                |  30 iterations
{{ minimization nb 2 of 4 ; cutoff= 31.62 (A) ; maxiter= 30
number of free variables for the minimizer: 6
STOP, max iterations reached                                |  30 iterations
{{ minimization nb 3 of 4 ; cutoff= 22.36 (A) ; maxiter= 50
number of free variables for the minimizer: 6
STOP, max iterations reached                                |  50 iterations
{{ minimization nb 4 of 4 ; cutoff= 7.07 (A) ; maxiter= 50
number of free variables for the minimizer: 6
STOP, max iterations reached                                |  50 iterations
      Trans    Rot          Ener    RmsdCA_ref           VDW       Coulomb
==        4      7   -19.9672074          XXXX   -18.7052588    -1.2619486
### MAT BEGIN
MAT        0.1374198     -0.7325746      0.6666710      4.9841751 
MAT        0.5924783     -0.4785822     -0.6480189     36.7310530 
MAT        0.7937791      0.4840388      0.3682678    -63.6342689 
MAT        0.0000000      0.0000000      0.0000000      1.0000000 
### MAT END

----- Rotation nb 8 -----
Translation by: -1.863000 29.384000 -9.330000
Rotation angles: (1.570796325, 1.5707963249999999, 6.2831853)
{{ minimization nb 1 of 4 ; cutoff= 54.77 (A) ; maxiter= 30
number of free variables for the minimizer: 6
STOP, max iterations reached                                |  30 iterations
{{ minimization nb 2 of 4 ; cutoff= 31.62 (A) ; maxiter= 30
number of free variables for the minimizer: 6
STOP, max iterations reached                                |  30 iterations
{{ minimization nb 3 of 4 ; cutoff= 22.36 (A) ; maxiter= 50
number of free variables for the minimizer: 6
STOP, max iterations reached                                |  50 iterations
{{ minimization nb 4 of 4 ; cutoff= 7.07 (A) ; maxiter= 50
number of free variables for the minimizer: 6
STOP, max iterations reached                                |  50 iterations
      Trans    Rot          Ener    RmsdCA_ref           VDW       Coulomb
==        4      8   -30.9810393          XXXX   -30.9827752     0.0017358
### MAT BEGIN
MAT       -0.0624660     -0.9596768      0.2740773     35.8592818 
MAT        0.5050387      0.2064648      0.8380383    -33.5371729 
MAT       -0.8608333      0.1907686      0.4717769     16.4783204 
MAT        0.0000000      0.0000000      0.0000000      1.0000000 
### MAT END

----- Rotation nb 9 -----
Translation by: -1.863000 29.384000 -9.330000
Rotation angles: (3.14159265, 1.5707963249999999, 3.14159265)
{{ minimization nb 1 of 4 ; cutoff= 54.77 (A) ; maxiter= 30
number of free variables for the minimizer: 6
STOP, max iterations reached                                |  30 iterations
{{ minimization nb 2 of 4 ; cutoff= 31.62 (A) ; maxiter= 30
number of free variables for the minimizer: 6
STOP, max iterations reached                                |  30 iterations
{{ minimization nb 3 of 4 ; cutoff= 22.36 (A) ; maxiter= 50
number of free variables for the minimizer: 6
STOP, max iterations reached                                |  50 iterations
{{ minimization nb 4 of 4 ; cutoff= 7.07 (A) ; maxiter= 50
number of free variables for the minimizer: 6
STOP, max iterations reached                                |  50 iterations
      Trans    Rot          Ener    RmsdCA_ref           VDW       Coulomb
==        4      9   -22.6736565          XXXX   -21.2883162    -1.3853403
### MAT BEGIN
MAT        0.8219217      0.4617802     -0.3334724    -39.5619152 
MAT       -0.1511313     -0.3876671     -0.9093259     78.1826906 
MAT       -0.5491849      0.7977927     -0.2488426     16.6532475 
MAT        0.0000000      0.0000000      0.0000000      1.0000000 
### MAT END

----- Rotation nb 10 -----
Translation by: -1.863000 29.384000 -9.330000
Rotation angles: (3.14159265, 1.5707963249999999, 6.2831853)
{{ minimization nb 1 of 4 ; cutoff= 54.77 (A) ; maxiter= 30
number of free variables for the minimizer: 6
STOP, max iterations reached                                |  30 iterations
{{ minimization nb 2 of 4 ; cutoff= 31.62 (A) ; maxiter= 30
number of free variables for the minimizer: 6
STOP, max iterations reached                                |  30 iterations
{{ minimization nb 3 of 4 ; cutoff= 22.36 (A) ; maxiter= 50
number of free variables for the minimizer: 6
STOP, max iterations reached                                |  50 iterations
{{ minimization nb 4 of 4 ; cutoff= 7.07 (A) ; maxiter= 50
number of free variables for the minimizer: 6
STOP, max iterations reached                                |  50 iterations
      Trans    Rot          Ener    RmsdCA_ref           VDW       Coulomb
==        4     10   -25.8188226          XXXX   -25.5831308    -0.2356918
### MAT BEGIN
MAT        0.5985433     -0.7105911     -0.3698732     18.4139538 
MAT       -0.0355046     -0.4847893      0.8739100     17.5692539 
MAT       -0.8003033     -0.5099408     -0.3153967     61.5116782 
MAT        0.0000000      0.0000000      0.0000000      1.0000000 
### MAT END

----- Rotation nb 11 -----
Translation by: -1.863000 29.384000 -9.330000
Rotation angles: (4.7123889750000005, 1.5707963249999999, 3.14159265)
{{ minimization nb 1 of 4 ; cutoff= 54.77 (A) ; maxiter= 30
number of free variables for the minimizer: 6
STOP, max iterations reached                                |  30 iterations
{{ minimization nb 2 of 4 ; cutoff= 31.62 (A) ; maxiter= 30
number of free variables for the minimizer: 6
STOP, max iterations reached                                |  30 iterations
{{ minimization nb 3 of 4 ; cutoff= 22.36 (A) ; maxiter= 50
number of free variables for the minimizer: 6
STOP, max iterations reached                                |  50 iterations
{{ minimization nb 4 of 4 ; cutoff= 7.07 (A) ; maxiter= 50
number of free variables for the minimizer: 6
STOP, max iterations reached                                |  50 iterations
      Trans    Rot          Ener    RmsdCA_ref           VDW       Coulomb
==        4     11   -23.2364466          XXXX   -21.6645425    -1.5719041
### MAT BEGIN
MAT       -0.4774162      0.3647511     -0.7993938     50.2471969 
MAT        0.2837064      0.9250313      0.2526416    -29.0244458 
MAT        0.8316156     -0.1061779     -0.5451072    -19.7221388 
MAT        0.0000000      0.0000000      0.0000000      1.0000000 
### MAT END

----- Rotation nb 12 -----
Translation by: -1.863000 29.384000 -9.330000
Rotation angles: (4.7123889750000005, 1.5707963249999999, 6.2831853)
{{ minimization nb 1 of 4 ; cutoff= 54.77 (A) ; maxiter= 30
number of free variables for the minimizer: 6
STOP, max iterations reached                                |  30 iterations
{{ minimization nb 2 of 4 ; cutoff= 31.62 (A) ; maxiter= 30
number of free variables for the minimizer: 6
STOP, max iterations reached                                |  30 iterations
{{ minimization nb 3 of 4 ; cutoff= 22.36 (A) ; maxiter= 50
number of free variables for the minimizer: 6
STOP, max iterations reached                                |  50 iterations
{{ minimization nb 4 of 4 ; cutoff= 7.07 (A) ; maxiter= 50
number of free variables for the minimizer: 6
STOP, max iterations reached                                |  50 iterations
      Trans    Rot          Ener    RmsdCA_ref           VDW       Coulomb
==        4     12   -30.3613189          XXXX   -29.6715850    -0.6897340
### MAT BEGIN
MAT       -0.7376977      0.6381056      0.2205069     10.1339923 
MAT        0.1136062      0.4392828     -0.8911365     37.7607747 
MAT       -0.6655041     -0.6323384     -0.3965506     61.9051708 
MAT        0.0000000      0.0000000      0.0000000      1.0000000 
### MAT END

----- Rotation nb 13 -----
Translation by: -1.863000 29.384000 -9.330000
Rotation angles: (6.2831853, 1.5707963249999999, 3.14159265)
{{ minimization nb 1 of 4 ; cutoff= 54.77 (A) ; maxiter= 30
number of free variables for the minimizer: 6
STOP, max iterations reached                                |  30 iterations
{{ minimization nb 2 of 4 ; cutoff= 31.62 (A) ; maxiter= 30
number of free variables for the minimizer: 6
STOP, max iterations reached                                |  30 iterations
{{ minimization nb 3 of 4 ; cutoff= 22.36 (A) ; maxiter= 50
number of free variables for the minimizer: 6
STOP, max iterations reached                                |  50 iterations
{{ minimization nb 4 of 4 ; cutoff= 7.07 (A) ; maxiter= 50
number of free variables for the minimizer: 6
STOP, max iterations reached                                |  50 iterations
      Trans    Rot          Ener    RmsdCA_ref           VDW       Coulomb
==        4     13   -29.7923814          XXXX   -29.7215659    -0.0708155
### MAT BEGIN
MAT        0.0223726     -0.6522088      0.7577092      3.4270943 
MAT        0.2017375     -0.7393631     -0.6423738     61.6035219 
MAT        0.9791841      0.1672299      0.1150335    -49.9255501 
MAT        0.0000000      0.0000000      0.0000000      1.0000000 
### MAT END

----- Rotation nb 14 -----
Translation by: -1.863000 29.384000 -9.330000
Rotation angles: (6.2831853, 1.5707963249999999, 6.2831853)
{{ minimization nb 1 of 4 ; cutoff= 54.77 (A) ; maxiter= 30
number of free variables for the minimizer: 6
STOP, max iterations reached                                |  30 iterations
{{ minimization nb 2 of 4 ; cutoff= 31.62 (A) ; maxiter= 30
number of free variables for the minimizer: 6
STOP, max iterations reached                                |  30 iterations
{{ minimization nb 3 of 4 ; cutoff= 22.36 (A) ; maxiter= 50
number of free variables for the minimizer: 6
STOP, max iterations reached                                |  50 iterations
{{ minimization nb 4 of 4 ; cutoff= 7.07 (A) ; maxiter= 50
number of free variables for the minimizer: 6
STOP, max iterations reached                                |  50 iterations
      Trans    Rot          Ener    RmsdCA_ref           VDW       Coulomb
==        4     14   -25.1568897          XXXX   -24.2627823    -0.8941074
### MAT BEGIN
MAT       -0.6092630      0.7918229     -0.0426035      3.4521698 
MAT        0.2501244      0.1409173     -0.9579040     47.4767825 
MAT       -0.7524868     -0.5942716     -0.2839099     63.9041540 
MAT        0.0000000      0.0000000      0.0000000      1.0000000 
### MAT END

----- Rotation nb 15 -----
Translation by: -1.863000 29.384000 -9.330000
Rotation angles: (3.14159265, 2.3561944875000003, 3.14159265)
{{ minimization nb 1 of 4 ; cutoff= 54.77 (A) ; maxiter= 30
number of free variables for the minimizer: 6
STOP, max iterations reached                                |  30 iterations
{{ minimization nb 2 of 4 ; cutoff= 31.62 (A) ; maxiter= 30
number of free variables for the minimizer: 6
STOP, max iterations reached                                |  30 iterations
{{ minimization nb 3 of 4 ; cutoff= 22.36 (A) ; maxiter= 50
number of free variables for the minimizer: 6
STOP, max iterations reached                                |  50 iterations
{{ minimization nb 4 of 4 ; cutoff= 7.07 (A) ; maxiter= 50
number of free variables for the minimizer: 6
STOP, max iterations reached                                |  50 iterations
      Trans    Rot          Ener    RmsdCA_ref           VDW       Coulomb
==        4     15   -23.1056651          XXXX   -21.6376715    -1.4679935
### MAT BEGIN
MAT       -0.4712333      0.0899611     -0.8774088     59.8077185 
MAT       -0.1980805      0.9585799      0.2046674      1.2989693 
MAT        0.8594785      0.2702437     -0.4338952    -36.1815972 
MAT        0.0000000      0.0000000      0.0000000      1.0000000 
### MAT END

----- Rotation nb 16 -----
Translation by: -1.863000 29.384000 -9.330000
Rotation angles: (3.14159265, 2.3561944875000003, 6.2831853)
{{ minimization nb 1 of 4 ; cutoff= 54.77 (A) ; maxiter= 30
number of free variables for the minimizer: 6
STOP, max iterations reached                                |  30 iterations
{{ minimization nb 2 of 4 ; cutoff= 31.62 (A) ; maxiter= 30
number of free variables for the minimizer: 6
STOP, max iterations reached                                |  30 iterations
{{ minimization nb 3 of 4 ; cutoff= 22.36 (A) ; maxiter= 50
number of free variables for the minimizer: 6
STOP, max iterations reached                                |  50 iterations
{{ minimization nb 4 of 4 ; cutoff= 7.07 (A) ; maxiter= 50
number of free variables for the minimizer: 6
STOP, max iterations reached                                |  50 iterations
      Trans    Rot          Ener    RmsdCA_ref           VDW       Coulomb
==        4     16   -21.0719588          XXXX   -20.8760642    -0.1958946
### MAT BEGIN
MAT       -0.8283640      0.3321272      0.4511148     16.4504880 
MAT       -0.5538961     -0.6059817     -0.5709513     95.4550789 
MAT        0.0837389     -0.7228262      0.6859374     -0.4453954 
MAT        0.0000000      0.0000000      0.0000000      1.0000000 
### MAT END

----- Rotation nb 17 -----
Translation by: -1.863000 29.384000 -9.330000
Rotation angles: (6.2831853, 2.3561944875000003, 3.14159265)
{{ minimization nb 1 of 4 ; cutoff= 54.77 (A) ; maxiter= 30
number of free variables for the minimizer: 6
STOP, max iterations reached                                |  30 iterations
{{ minimization nb 2 of 4 ; cutoff= 31.62 (A) ; maxiter= 30
number of free variables for the minimizer: 6
STOP, max iterations reached                                |  30 iterations
{{ minimization nb 3 of 4 ; cutoff= 22.36 (A) ; maxiter= 50
number of free variables for the minimizer: 6
STOP, max iterations reached                                |  50 iterations
{{ minimization nb 4 of 4 ; cutoff= 7.07 (A) ; maxiter= 50
number of free variables for the minimizer: 6
CONVERGENCE: REL_REDUCTION_OF_F <= FACTR*EPSMCH             |  37 iterations
      Trans    Rot          Ener    RmsdCA_ref           VDW       Coulomb
==        4     17   -19.8594977          XXXX   -17.9923393    -1.8671585
### MAT BEGIN
MAT       -0.3207577     -0.2162864      0.9221360      9.9476927 
MAT       -0.0343531     -0.9702814     -0.2395283     67.4329861 
MAT        0.9465381     -0.1085088      0.3037951    -54.7248073 
MAT        0.0000000      0.0000000      0.0000000      1.0000000 
### MAT END

----- Rotation nb 18 -----
Translation by: -1.863000 29.384000 -9.330000
Rotation angles: (6.2831853, 2.3561944875000003, 6.2831853)
{{ minimization nb 1 of 4 ; cutoff= 54.77 (A) ; maxiter= 30
number of free variables for the minimizer: 6
STOP, max iterations reached                                |  30 iterations
{{ minimization nb 2 of 4 ; cutoff= 31.62 (A) ; maxiter= 30
number of free variables for the minimizer: 6
STOP, max iterations reached                                |  30 iterations
{{ minimization nb 3 of 4 ; cutoff= 22.36 (A) ; maxiter= 50
number of free variables for the minimizer: 6
STOP, max iterations reached                                |  50 iterations
{{ minimization nb 4 of 4 ; cutoff= 7.07 (A) ; maxiter= 50
number of free variables for the minimizer: 6
STOP, max iterations reached                                |  50 iterations
      Trans    Rot          Ener    RmsdCA_ref           VDW       Coulomb
==        4     18   -19.1058011          XXXX   -19.2340865     0.1282854
### MAT BEGIN
MAT       -0.4218904      0.4866368     -0.7649792     28.5515170 
MAT       -0.2906715     -0.8718070     -0.3942876     89.3756230 
MAT       -0.8587890      0.0560115      0.5092584     20.2743365 
MAT        0.0000000      0.0000000      0.0000000      1.0000000 
### MAT END

----- Rotation nb 19 -----
Translation by: -1.863000 29.384000 -9.330000
Rotation angles: (6.2831853, 3.1415926499999998, 3.14159265)
{{ minimization nb 1 of 4 ; cutoff= 54.77 (A) ; maxiter= 30
number of free variables for the minimizer: 6
STOP, max iterations reached                                |  30 iterations
{{ minimization nb 2 of 4 ; cutoff= 31.62 (A) ; maxiter= 30
number of free variables for the minimizer: 6
STOP, max iterations reached                                |  30 iterations
{{ minimization nb 3 of 4 ; cutoff= 22.36 (A) ; maxiter= 50
number of free variables for the minimizer: 6
STOP, max iterations reached                                |  50 iterations
{{ minimization nb 4 of 4 ; cutoff= 7.07 (A) ; maxiter= 50
number of free variables for the minimizer: 6
STOP, max iterations reached                                |  50 iterations
      Trans    Rot          Ener    RmsdCA_ref           VDW       Coulomb
==        4     19   -15.9814046          XXXX   -14.3771503    -1.6042543
### MAT BEGIN
MAT        0.9381606      0.0263177     -0.3451986    -30.1955340 
MAT        0.1960976     -0.8621229      0.4672149     35.1879676 
MAT       -0.2853077     -0.5060152     -0.8139706     61.5974208 
MAT        0.0000000      0.0000000      0.0000000      1.0000000 
### MAT END

----- Rotation nb 20 -----
Translation by: -1.863000 29.384000 -9.330000
Rotation angles: (6.2831853, 3.1415926499999998, 6.2831853)
{{ minimization nb 1 of 4 ; cutoff= 54.77 (A) ; maxiter= 30
number of free variables for the minimizer: 6
STOP, max iterations reached                                |  30 iterations
{{ minimization nb 2 of 4 ; cutoff= 31.62 (A) ; maxiter= 30
number of free variables for the minimizer: 6
STOP, max iterations reached                                |  30 iterations
{{ minimization nb 3 of 4 ; cutoff= 22.36 (A) ; maxiter= 50
number of free variables for the minimizer: 6
STOP, max iterations reached                                |  50 iterations
{{ minimization nb 4 of 4 ; cutoff= 7.07 (A) ; maxiter= 50
number of free variables for the minimizer: 6
STOP, max iterations reached                                |  50 iterations
      Trans    Rot          Ener    RmsdCA_ref           VDW       Coulomb
==        4     20   -19.9388978          XXXX   -19.8115008    -0.1273970
### MAT BEGIN
MAT        0.2971442      0.4615086      0.8358918    -49.6279200 
MAT        0.0991955      0.8557753     -0.5077488     15.8432876 
MAT       -0.9496660      0.2337913      0.2085091     26.2089578 
MAT        0.0000000      0.0000000      0.0000000      1.0000000 
### MAT END

End time: 2017-04-27 12:09:14.926950
Elapsed time: 0:00:02.459423
