ATOM      1  POSI PRO    1     -15.153 165.433  73.821
ATOM      2  POSI PRO    2      -2.694 168.081  73.821
ATOM      3  POSI PRO    3     -24.968 165.198  76.307
ATOM      4  POSI PRO    4       6.367 171.859  76.307
ATOM      5  POSI PRO    5     -16.015 157.234  81.278
ATOM      6  POSI PRO    6      -4.083 158.488  81.278
ATOM      7  POSI PRO    7       7.557 163.100  83.764
ATOM      8  POSI PRO    8      15.065 173.434  83.764
ATOM      9  POSI PRO    9      -9.487 152.512  88.735
ATOM     10  POSI PRO   10       4.345 155.889  91.220
ATOM     11  POSI PRO   11      15.063 165.540  91.220
ATOM     12  POSI PRO   12      -9.156 149.368  98.677
ATOM     13  POSI PRO   13      11.600 158.609  98.677
ATOM     14  POSI PRO   14      20.585 170.976  98.677
ATOM     15  POSI PRO   15      -1.484 150.490 106.134
ATOM     16  POSI PRO   16      17.147 164.026 106.134
ATOM     17  POSI PRO   17       5.128 154.532 113.591
ATOM     18  POSI PRO   18      20.121 171.183 113.591
ATOM     19  POSI PRO   19       9.485 160.958 121.047
ATOM     20  POSI PRO   20       1.428 160.941 128.504
ATOM     21  POSI PRO   21      10.344 168.970 128.504
ATOM     22  POSI PRO   22     -33.949 164.241  82.201
ATOM     23  POSI PRO   23     -24.643 154.997  87.160
ATOM     24  POSI PRO   24     -18.398 150.345  94.599
ATOM     25  POSI PRO   25     -26.125 150.435 102.038
ATOM     26  POSI PRO   26     -18.557 148.826 109.476
ATOM     27  POSI PRO   27     -10.980 150.345 116.915
ATOM     28  POSI PRO   28     -11.486 155.153 126.833
ATOM     29  POSI PRO   29      14.744 186.107  71.656
ATOM     30  POSI PRO   30      24.116 188.485  79.095
ATOM     31  POSI PRO   31      26.584 180.835  86.534
ATOM     32  POSI PRO   32      30.565 194.469  89.013
ATOM     33  POSI PRO   33      31.834 186.844  96.452
ATOM     34  POSI PRO   34      33.135 194.469 103.891
ATOM     35  POSI PRO   35      29.921 179.349 103.891
ATOM     36  POSI PRO   36      29.726 182.239 114.894
ATOM     37  POSI PRO   37      24.760 177.453 123.474
ATOM     38  POSI PRO   38      25.483 185.227 130.933
ATOM     39  POSI PRO   39      34.048 194.549 115.888
ATOM     40  POSI PRO   40      33.330 202.243 123.327
ATOM     41  POSI PRO   41      29.356 195.546 130.766
ATOM     42  POSI PRO   42      24.411 202.243 138.205
ATOM     43  POSI PRO   43      19.839 176.780 134.950
ATOM     44  POSI PRO   44       2.675 165.849 137.430
ATOM     45  POSI PRO   45      22.697 190.111 139.909
ATOM     46  POSI PRO   46      11.981 175.093 142.389
ATOM     47  POSI PRO   47      19.544 199.617  72.352
ATOM     48  POSI PRO   48      14.983 213.653  72.352
ATOM     49  POSI PRO   49      26.310 199.617  79.791
ATOM     50  POSI PRO   50      23.660 212.082  79.791
ATOM     51  POSI PRO   51      29.511 206.811  87.229
ATOM     52  POSI PRO   52      -2.720 192.522  60.238
ATOM     53  POSI PRO   53     -16.834 186.238  60.238
ATOM     54  POSI PRO   54     -10.361 178.340  62.725
ATOM     55  POSI PRO   55      -1.183 182.426  62.725
ATOM     56  POSI PRO   56       7.311 180.433  67.697
ATOM     57  POSI PRO   57     -23.839 194.229  60.584
ATOM     58  POSI PRO   58     -27.461 184.623  63.084
ATOM     59  POSI PRO   59     -34.512 198.538  65.583
ATOM     60  POSI PRO   60     -20.644 174.518  65.583
ATOM     61  POSI PRO   61     -37.786 189.224  68.083
ATOM     62  POSI PRO   62     -30.347 176.340  68.083
ATOM     63  POSI PRO   63     -44.457 187.806  75.582
ATOM     64  POSI PRO   64     -39.232 176.071  75.582
ATOM     65  POSI PRO   65      -4.428 203.923  59.894
ATOM     66  POSI PRO   66     -15.104 207.391  59.894
ATOM     67  POSI PRO   67      -7.130 213.770  62.381
ATOM     68  POSI PRO   68     -25.304 207.865  62.381
ATOM     69  POSI PRO   69     -18.523 217.916  64.867
ATOM     70  POSI PRO   70     -28.175 216.104  67.353
ATOM     71  POSI PRO   71       7.273 195.349  63.735
ATOM     72  POSI PRO   72       6.223 205.341  63.735
ATOM     73  POSI PRO   73       1.679 216.582  66.221
ATOM     74  POSI PRO   74      -7.776 159.603 137.579
ATOM     75  POSI PRO   75     -58.459 165.761 114.559
ATOM     76  POSI PRO   76     -47.096 155.529 114.559
ATOM     77  POSI PRO   77     -32.554 150.804 114.559
ATOM     78  POSI PRO   78     -40.228 151.926 122.018
ATOM     79  POSI PRO   79     -24.814 150.306 122.018
ATOM     80  POSI PRO   80     -66.204 180.805 119.050
ATOM     81  POSI PRO   81     -67.015 188.518 126.506
ATOM     82  POSI PRO   82     -63.808 173.429 126.506
ATOM     83  POSI PRO   83     -64.707 181.123 133.963
ATOM     84  POSI PRO   84     -54.187 159.879 123.087
ATOM     85  POSI PRO   85     -47.650 155.744 130.526
ATOM     86  POSI PRO   86     -33.146 151.031 130.526
ATOM     87  POSI PRO   87     -58.573 166.246 133.006
ATOM     88  POSI PRO   88     -18.349 153.760 135.485
ATOM     89  POSI PRO   89     -40.006 154.594 137.965
ATOM     90  POSI PRO   90     -59.935 173.870 140.444
ATOM     91  POSI PRO   91     -51.742 162.594 140.444
ATOM     92  POSI PRO   92     -61.524 187.504 142.924
ATOM     93  POSI PRO   93     -25.946 155.470 142.924
ATOM     94  POSI PRO   94     -13.990 160.964 145.403
ATOM     95  POSI PRO   95     -52.599 170.586 147.883
ATOM     96  POSI PRO   96     -43.705 162.577 147.883
ATOM     97  POSI PRO   97     -55.294 181.982 150.363
ATOM     98  POSI PRO   98     -32.089 161.088 150.363
ATOM     99  POSI PRO   99     -21.934 164.793 152.842
ATOM    100  POSI PRO  100     -45.946 175.419 155.322
ATOM    101  POSI PRO  101     -34.323 172.085 157.801
ATOM    102  POSI PRO  102     -21.207 173.464 157.801
ATOM    103  POSI PRO  103     -38.013 183.631 160.281
ATOM    104  POSI PRO  104     -50.153 167.095  92.283
ATOM    105  POSI PRO  105     -57.984 167.920  99.721
ATOM    106  POSI PRO  106     -45.523 160.725  99.721
ATOM    107  POSI PRO  107     -64.500 172.079 107.160
ATOM    108  POSI PRO  108     -51.619 198.438  75.793
ATOM    109  POSI PRO  109     -57.230 208.164  80.758
ATOM    110  POSI PRO  110     -58.775 193.466  80.758
ATOM    111  POSI PRO  111     -65.401 204.818  88.207
ATOM    112  POSI PRO  112     -70.137 205.825  98.139
ATOM    113  POSI PRO  113     -55.870 182.281  82.531
ATOM    114  POSI PRO  114     -66.527 189.945  89.970
ATOM    115  POSI PRO  115     -61.344 178.304  89.970
ATOM    116  POSI PRO  116     -68.163 182.243  97.408
ATOM    117  POSI PRO  117     -72.718 196.317 102.367
ATOM    118  POSI PRO  118     -70.359 181.265 107.327
ATOM    119  POSI PRO  119     -72.912 204.046 109.806
ATOM    120  POSI PRO  120     -72.750 188.623 114.765
ATOM    121  POSI PRO  121     -72.032 196.317 122.204
ATOM    122  POSI PRO  122     -38.137 211.827  65.441
ATOM    123  POSI PRO  123     -46.666 206.216  67.927
ATOM    124  POSI PRO  124     -32.568 226.712  70.412
ATOM    125  POSI PRO  125     -44.204 221.532  70.412
ATOM    126  POSI PRO  126     -52.282 215.952  72.898
ATOM    127  POSI PRO  127     -55.267 224.273  80.355
ATOM    128  POSI PRO  128     -46.509 175.362  85.476
ATOM    129  POSI PRO  129     -23.277 226.673  66.097
ATOM    130  POSI PRO  130     -12.228 231.656  68.577
ATOM    131  POSI PRO  131     -22.483 238.063  71.056
ATOM    132  POSI PRO  132     -32.274 238.297  73.536
ATOM    133  POSI PRO  133     -42.042 160.735  86.947
ATOM    134  POSI PRO  134     -38.838 153.542  94.385
ATOM    135  POSI PRO  135     -40.040 151.460 104.304
ATOM    136  POSI PRO  136      17.381 201.314 148.880
ATOM    137  POSI PRO  137      36.521 219.276 120.397
ATOM    138  POSI PRO  138      34.720 211.736 127.856
ATOM    139  POSI PRO  139      37.593 225.099 110.098
ATOM    140  POSI PRO  140      35.386 239.647 112.598
ATOM    141  POSI PRO  141      39.202 232.855 120.097
ATOM    142  POSI PRO  142      32.892 247.027 120.097
ATOM    143  POSI PRO  143      36.792 240.273 127.595
ATOM    144  POSI PRO  144      27.673 252.823 127.595
ATOM    145  POSI PRO  145      39.680 225.099 130.095
ATOM    146  POSI PRO  146      31.647 246.122 135.094
ATOM    147  POSI PRO  147      20.594 256.074 135.094
ATOM    148  POSI PRO  148      36.831 217.847 137.594
ATOM    149  POSI PRO  149      36.831 232.351 137.594
ATOM    150  POSI PRO  150      24.438 249.229 142.593
ATOM    151  POSI PRO  151      12.745 255.980 142.593
ATOM    152  POSI PRO  152      33.604 225.099 145.092
ATOM    153  POSI PRO  153      30.933 237.664 145.092
ATOM    154  POSI PRO  154      30.933 212.534 145.092
ATOM    155  POSI PRO  155      16.099 248.288 150.092
ATOM    156  POSI PRO  156      26.258 220.094 152.591
ATOM    157  POSI PRO  157      26.258 230.104 152.591
ATOM    158  POSI PRO  158      22.186 239.249 152.591
ATOM    159  POSI PRO  159      22.186 210.949 152.591
ATOM    160  POSI PRO  160      19.054 225.099 157.590
ATOM    161  POSI PRO  161      13.647 237.244 157.590
ATOM    162  POSI PRO  162      13.647 212.954 157.590
ATOM    163  POSI PRO  163      11.188 261.915 109.009
ATOM    164  POSI PRO  164      25.023 255.656 116.468
ATOM    165  POSI PRO  165      11.712 263.529 118.954
ATOM    166  POSI PRO  166      22.162 243.195  92.868
ATOM    167  POSI PRO  167      15.065 252.509  95.348
ATOM    168  POSI PRO  168      32.180 234.279 100.307
ATOM    169  POSI PRO  169      27.791 247.285 102.787
ATOM    170  POSI PRO  170       0.917 268.740 112.213
ATOM    171  POSI PRO  171       5.750 257.479  87.971
ATOM    172  POSI PRO  172       1.716 264.432  95.410
ATOM    173  POSI PRO  173     -36.395 246.808  78.455
ATOM    174  POSI PRO  174     -54.414 234.566  82.023
ATOM    175  POSI PRO  175     -62.901 225.325  86.983
ATOM    176  POSI PRO  176     -42.561 232.619  74.353
ATOM    177  POSI PRO  177     -64.492 214.814  86.751
ATOM    178  POSI PRO  178     -59.902 238.973  90.804
ATOM    179  POSI PRO  179     -71.137 222.005  93.284
ATOM    180  POSI PRO  180     -67.053 235.891  98.243
ATOM    181  POSI PRO  181     -74.516 215.036 100.722
ATOM    182  POSI PRO  182     -63.112 242.538 105.682
ATOM    183  POSI PRO  183     -72.157 230.088 105.682
ATOM    184  POSI PRO  184     -68.289 236.788 113.120
ATOM    185  POSI PRO  185     -74.548 222.730 113.120
ATOM    186  POSI PRO  186       5.750 228.558  67.240
ATOM    187  POSI PRO  187      -2.376 234.462  67.240
ATOM    188  POSI PRO  188      16.017 223.983  72.211
ATOM    189  POSI PRO  189       8.620 236.795  72.211
ATOM    190  POSI PRO  190      -4.896 242.813  72.211
ATOM    191  POSI PRO  191      22.651 225.393  79.668
ATOM    192  POSI PRO  192      17.455 237.063  79.668
ATOM    193  POSI PRO  193       7.962 245.610  79.668
ATOM    194  POSI PRO  194      11.985 201.950 159.073
ATOM    195  POSI PRO  195     -28.738 181.269 164.032
ATOM    196  POSI PRO  196     -14.302 178.201 164.032
ATOM    197  POSI PRO  197      -0.819 184.204 164.032
ATOM    198  POSI PRO  198       3.312 197.675 166.512
ATOM    199  POSI PRO  199     -27.646 189.902 168.991
ATOM    200  POSI PRO  200     -18.493 185.826 168.991
ATOM    201  POSI PRO  201      -8.692 187.910 168.991
ATOM    202  POSI PRO  202      -7.483 199.970 171.471
ATOM    203  POSI PRO  203      17.711 191.399 150.448
ATOM    204  POSI PRO  204      -3.954 164.082 147.766
ATOM    205  POSI PRO  205       6.194 173.188 152.725
ATOM    206  POSI PRO  206     -11.303 167.336 155.205
ATOM    207  POSI PRO  207      11.983 184.255 155.205
ATOM    208  POSI PRO  208     -71.058 195.560 142.446
ATOM    209  POSI PRO  209     -70.152 203.294 149.885
ATOM    210  POSI PRO  210     -63.438 191.978 152.364
ATOM    211  POSI PRO  211     -77.200 210.809 117.530
ATOM    212  POSI PRO  212     -74.974 226.051 125.029
ATOM    213  POSI PRO  213     -78.214 210.809 127.529
ATOM    214  POSI PRO  214     -74.514 195.772 132.528
ATOM    215  POSI PRO  215     -76.403 218.389 135.028
ATOM    216  POSI PRO  216     -74.532 210.809 142.526
ATOM    217  POSI PRO  217      11.578 221.189 164.673
ATOM    218  POSI PRO  218       6.279 232.058 167.152
ATOM    219  POSI PRO  219       0.783 223.484 169.632
ATOM    220  POSI PRO  220       8.072 208.446 166.976
ATOM    221  POSI PRO  221       0.926 213.411 171.935
ATOM    222  POSI PRO  222     -17.831 195.811 172.642
ATOM    223  POSI PRO  223     -23.233 205.975 177.641
ATOM    224  POSI PRO  224      -2.583 235.566 173.053
ATOM    225  POSI PRO  225      -8.368 211.433 175.532
ATOM    226  POSI PRO  226      -9.901 221.501 178.012
ATOM    227  POSI PRO  227     -73.882 242.384 136.734
ATOM    228  POSI PRO  228     -75.800 234.871 144.191
ATOM    229  POSI PRO  229     -69.172 248.538 146.677
ATOM    230  POSI PRO  230     -74.528 227.228 151.648
ATOM    231  POSI PRO  231     -70.537 240.895 154.133
ATOM    232  POSI PRO  232     -61.446 251.223 156.619
ATOM    233  POSI PRO  233     -68.064 233.227 161.590
ATOM    234  POSI PRO  234     -53.154 250.287 164.076
ATOM    235  POSI PRO  235     -61.382 242.878 164.076
ATOM    236  POSI PRO  236     -60.000 231.513 169.047
ATOM    237  POSI PRO  237     -50.715 239.305 171.532
ATOM    238  POSI PRO  238     -55.065 253.297 109.707
ATOM    239  POSI PRO  239     -47.227 264.218 117.164
ATOM    240  POSI PRO  240     -63.371 252.489 117.164
ATOM    241  POSI PRO  241     -40.967 268.882 124.621
ATOM    242  POSI PRO  242     -55.032 264.311 124.621
ATOM    243  POSI PRO  243     -69.741 247.976 124.621
ATOM    244  POSI PRO  244     -48.713 268.791 132.078
ATOM    245  POSI PRO  245     -62.072 261.078 132.078
ATOM    246  POSI PRO  246     -33.354 270.569 137.049
ATOM    247  POSI PRO  247     -55.797 265.637 139.534
ATOM    248  POSI PRO  248     -67.261 255.315 139.534
ATOM    249  POSI PRO  249     -41.039 269.566 144.506
ATOM    250  POSI PRO  250     -61.048 259.941 146.991
ATOM    251  POSI PRO  251     -33.737 266.927 151.962
ATOM    252  POSI PRO  252     -47.632 265.467 151.962
ATOM    253  POSI PRO  253     -40.265 262.205 159.419
ATOM    254  POSI PRO  254     -75.965 235.613 127.976
ATOM    255  POSI PRO  255     -59.788 205.309 166.085
ATOM    256  POSI PRO  256     -74.307 212.941 153.255
ATOM    257  POSI PRO  257     -70.302 219.910 160.694
ATOM    258  POSI PRO  258     -67.814 208.203 160.694
ATOM    259  POSI PRO  259     -61.629 215.635 168.133
ATOM    260  POSI PRO  260     -60.454 196.994 160.532
ATOM    261  POSI PRO  261     -51.535 188.964 160.532
ATOM    262  POSI PRO  262     -50.899 198.638 167.991
ATOM    263  POSI PRO  263     -41.146 188.788 169.384
ATOM    264  POSI PRO  264     -53.048 209.775 174.343
ATOM    265  POSI PRO  265     -43.786 202.002 176.822
ATOM    266  POSI PRO  266     -34.633 197.926 176.822
ATOM    267  POSI PRO  267     -42.253 212.070 179.302
ATOM    268  POSI PRO  268     -56.200 224.925 176.678
ATOM    269  POSI PRO  269     -39.248 243.837 176.217
ATOM    270  POSI PRO  270     -30.150 237.232 181.189
ATOM    271  POSI PRO  271     -39.977 235.143 181.189
ATOM    272  POSI PRO  272     -46.700 227.677 181.189
ATOM    273  POSI PRO  273     -24.124 226.678 183.676
ATOM    274  POSI PRO  274     -16.837 213.266 181.350
ATOM    275  POSI PRO  275     -32.643 210.389 183.830
ATOM    276  POSI PRO  276     -13.295 240.127 176.953
ATOM    277  POSI PRO  277     -19.460 266.913 153.055
ATOM    278  POSI PRO  278     -54.377 258.883 155.534
ATOM    279  POSI PRO  279     -13.876 261.545 160.493
ATOM    280  POSI PRO  280     -27.132 265.853 160.493
ATOM    281  POSI PRO  281     -11.376 253.906 167.932
ATOM    282  POSI PRO  282     -21.741 259.891 167.932
ATOM    283  POSI PRO  283     -33.645 261.142 167.932
ATOM    284  POSI PRO  284     -45.028 257.443 167.932
ATOM    285  POSI PRO  285     -20.356 250.321 175.371
ATOM    286  POSI PRO  286     -32.785 252.963 175.371
ATOM    287  POSI PRO  287     -23.459 275.357 129.059
ATOM    288  POSI PRO  288     -15.723 275.357 136.497
ATOM    289  POSI PRO  289     -23.300 273.838 143.936
ATOM    290  POSI PRO  290      -8.898 271.462 146.416
ATOM    291  POSI PRO  291      -4.268 265.092 153.854
ATOM    292  POSI PRO  292       2.434 270.731 126.413
ATOM    293  POSI PRO  293       8.693 266.184 133.851
ATOM    294  POSI PRO  294      -4.634 273.878 133.851
ATOM    295  POSI PRO  295       1.670 269.409 141.290
ATOM    296  POSI PRO  296       9.059 259.548 153.265
ATOM    297  POSI PRO  297       9.916 251.556 160.704
ATOM    298  POSI PRO  298       1.022 259.565 160.704
ATOM    299  POSI PRO  299       5.412 243.000 168.143
ATOM    300  POSI PRO  300      -4.573 270.525 102.788
ATOM    301  POSI PRO  301     -16.633 274.086 103.075
ATOM    302  POSI PRO  302     -29.986 272.682 103.075
ATOM    303  POSI PRO  303     -42.492 266.945 105.561
ATOM    304  POSI PRO  304      -9.017 275.800 110.532
ATOM    305  POSI PRO  305     -23.726 277.346 110.532
ATOM    306  POSI PRO  306     -38.135 273.371 113.017
ATOM    307  POSI PRO  307     -16.130 278.868 117.989
ATOM    308  POSI PRO  308     -31.523 277.413 120.474
ATOM    309  POSI PRO  309     -49.887 258.261 101.221
ATOM    310  POSI PRO  310     -46.295 242.026  75.889
ATOM    311  POSI PRO  311     -41.433 254.122  83.328
ATOM    312  POSI PRO  312     -51.798 248.137  83.328
ATOM    313  POSI PRO  313     -49.298 255.776  90.767
ATOM    314  POSI PRO  314     -61.242 247.602  95.726
ATOM    315  POSI PRO  315     -16.758 248.879  72.187
ATOM    316  POSI PRO  316      -9.403 257.648  77.158
ATOM    317  POSI PRO  317     -17.206 263.607  79.644
ATOM    318  POSI PRO  318      -5.281 264.788  84.615
ATOM    319  POSI PRO  319      -9.325 271.757  92.072
ATOM    320  POSI PRO  320     -27.968 247.262  72.293
ATOM    321  POSI PRO  321     -23.291 256.309  74.773
ATOM    322  POSI PRO  322     -28.975 262.896  79.732
ATOM    323  POSI PRO  323     -18.393 270.663  87.171
ATOM    324  POSI PRO  324     -31.066 269.331  87.171
ATOM    325  POSI PRO  325     -43.149 264.122  89.650
ATOM    326  POSI PRO  326       0.416 253.071  76.942
ATOM    327  POSI PRO  327      16.615 248.696  85.793
ATOM    328  POSI PRO  328      27.877 231.687  88.279
ATOM    329  POSI PRO  329      18.039 255.337 105.183
ATOM    330  POSI PRO  330      39.541 208.117 102.113
ATOM    331  POSI PRO  331      41.340 215.647 109.562
ATOM    332  POSI PRO  332      40.037 208.012 117.010
ATOM    333  POSI PRO  333      27.890 189.244 121.976
ATOM    334  POSI PRO  334      32.486 216.717  84.385
ATOM    335  POSI PRO  335      36.491 223.686  91.824
ATOM    336  POSI PRO  336      35.315 202.643  94.303
