ener : -51.6955215854 , size prot :  706 , size dna :  231 , size tot :  937
